// Jest Snapshot v1, https://goo.gl/fbAQLP

exports[`Prueba en <PrimeraApp /> Debe de mostrar <PrimeraApp /> correctamente 1`] = `
<Fragment>
  <h1>
    Hola, soy Paserno
    !
  </h1>
  <p>
    Soy un subtitulo
  </p>
</Fragment>
`;
